============================= test session starts =============================
platform win32 -- Python 3.13.3, pytest-9.0.3, pluggy-1.6.0 -- C:\Users\ajibe\Jims-AI\.venv\Scripts\python.exe
cachedir: .pytest_cache
rootdir: C:\Users\ajibe\Jims-AI
configfile: pyproject.toml
plugins: anyio-4.13.0, asyncio-1.4.0
asyncio: mode=Mode.AUTO, debug=False, asyncio_default_fixture_loop_scope=None, asyncio_default_test_loop_scope=function
collecting ... collected 15 items

tests/test_semantic_compiler.py::test_sanitize_is_stable FAILED          [  6%]
tests/test_semantic_compiler.py::test_language_normalization_is_shape_based_not_phrase_replacement FAILED [ 13%]
tests/test_semantic_compiler.py::test_compiler_routes_noisy_inputs_with_fuzzy_intent_matching FAILED [ 20%]
tests/test_semantic_compiler.py::test_compiler_routes_canvas FAILED      [ 26%]
tests/test_semantic_compiler.py::test_compiler_uses_sandbox_for_unmatched_input FAILED [ 33%]
tests/test_semantic_compiler.py::test_compiler_extracts_causal_entity_scope FAILED [ 40%]
tests/test_semantic_compiler.py::test_compiler_marks_profile_memory_queries FAILED [ 46%]
tests/test_semantic_compiler.py::test_compiler_routes_known_v9_code_generation_without_sandbox FAILED [ 53%]
tests/test_semantic_compiler.py::test_compiler_routes_known_v9_media_generation_without_sandbox FAILED [ 60%]
tests/test_semantic_compiler.py::test_compiler_routes_system_architecture_memory_questions_without_sandbox FAILED [ 66%]
tests/test_semantic_compiler.py::test_compiler_routes_agentic_safety_tasks_without_sandbox FAILED [ 73%]
tests/test_semantic_compiler.py::test_compiler_ignores_polite_prefix_for_question_intent FAILED [ 80%]
tests/test_semantic_compiler.py::test_compiler_routes_public_memory_questions_without_sandbox FAILED [ 86%]
tests/test_semantic_compiler.py::test_compiler_routes_public_finance_questions_without_sandbox FAILED [ 93%]
tests/test_semantic_compiler.py::test_compiler_routes_code_design_questions_without_sandbox FAILED [100%]

================================== FAILURES ===================================
___________________________ test_sanitize_is_stable ___________________________
tests\test_semantic_compiler.py:7: in test_sanitize_is_stable
    assert sanitize("Yo, send over that layout please!") == ["send", "layout"]
E   AssertionError: assert ['yo', 'send'...ut', 'please'] == ['send', 'layout']
E     
E     At index 0 diff: 'yo' != 'send'
E     Left contains 4 more items, first extra item: 'over'
E     
E     Full diff:
E       [
E     +     'yo',...
E     
E     ...Full output truncated (6 lines hidden), use '-vv' to show
______ test_language_normalization_is_shape_based_not_phrase_replacement ______
tests\test_semantic_compiler.py:11: in test_language_normalization_is_shape_based_not_phrase_replacement
    assert normalize_language("Pyth0n cooool") == "Python cool"
E   AssertionError: assert 'Pyth0n cooool' == 'Python cool'
E     
E     - Python cool
E     ?     ^
E     + Pyth0n cooool
E     ?     ^     ++
________ test_compiler_routes_noisy_inputs_with_fuzzy_intent_matching _________
tests\test_semantic_compiler.py:18: in test_compiler_routes_noisy_inputs_with_fuzzy_intent_matching
    compiler = SemanticCompilerRuntime()
               ^^^^^^^^^^^^^^^^^^^^^^^^^
prototype\jimsai\semantic_compiler.py:171: in __init__
    self.classifier = get_classifier()
                      ^^^^^^^^^^^^^^^^
prototype\jimsai\intent_classifier.py:171: in get_classifier
    _global_classifier = EmbeddingClassifier(model_name=model_name)
                         ^^^^^^^^^^^^^^^^^^^^^^^^^^^^^^^^^^^^^^^^^^
prototype\jimsai\intent_classifier.py:32: in __init__
    raise ImportError(
E   ImportError: sentence-transformers not installed. Install with: pip install sentence-transformers
_________________________ test_compiler_routes_canvas _________________________
tests\test_semantic_compiler.py:36: in test_compiler_routes_canvas
    compiler = SemanticCompilerRuntime()
               ^^^^^^^^^^^^^^^^^^^^^^^^^
prototype\jimsai\semantic_compiler.py:171: in __init__
    self.classifier = get_classifier()
                      ^^^^^^^^^^^^^^^^
prototype\jimsai\intent_classifier.py:171: in get_classifier
    _global_classifier = EmbeddingClassifier(model_name=model_name)
                         ^^^^^^^^^^^^^^^^^^^^^^^^^^^^^^^^^^^^^^^^^^
prototype\jimsai\intent_classifier.py:32: in __init__
    raise ImportError(
E   ImportError: sentence-transformers not installed. Install with: pip install sentence-transformers
_______________ test_compiler_uses_sandbox_for_unmatched_input ________________
tests\test_semantic_compiler.py:43: in test_compiler_uses_sandbox_for_unmatched_input
    compiler = SemanticCompilerRuntime()
               ^^^^^^^^^^^^^^^^^^^^^^^^^
prototype\jimsai\semantic_compiler.py:171: in __init__
    self.classifier = get_classifier()
                      ^^^^^^^^^^^^^^^^
prototype\jimsai\intent_classifier.py:171: in get_classifier
    _global_classifier = EmbeddingClassifier(model_name=model_name)
                         ^^^^^^^^^^^^^^^^^^^^^^^^^^^^^^^^^^^^^^^^^^
prototype\jimsai\intent_classifier.py:32: in __init__
    raise ImportError(
E   ImportError: sentence-transformers not installed. Install with: pip install sentence-transformers
_________________ test_compiler_extracts_causal_entity_scope __________________
tests\test_semantic_compiler.py:49: in test_compiler_extracts_causal_entity_scope
    compiler = SemanticCompilerRuntime()
               ^^^^^^^^^^^^^^^^^^^^^^^^^
prototype\jimsai\semantic_compiler.py:171: in __init__
    self.classifier = get_classifier()
                      ^^^^^^^^^^^^^^^^
prototype\jimsai\intent_classifier.py:171: in get_classifier
    _global_classifier = EmbeddingClassifier(model_name=model_name)
                         ^^^^^^^^^^^^^^^^^^^^^^^^^^^^^^^^^^^^^^^^^^
prototype\jimsai\intent_classifier.py:32: in __init__
    raise ImportError(
E   ImportError: sentence-transformers not installed. Install with: pip install sentence-transformers
_________________ test_compiler_marks_profile_memory_queries __________________
tests\test_semantic_compiler.py:57: in test_compiler_marks_profile_memory_queries
    compiler = SemanticCompilerRuntime()
               ^^^^^^^^^^^^^^^^^^^^^^^^^
prototype\jimsai\semantic_compiler.py:171: in __init__
    self.classifier = get_classifier()
                      ^^^^^^^^^^^^^^^^
prototype\jimsai\intent_classifier.py:171: in get_classifier
    _global_classifier = EmbeddingClassifier(model_name=model_name)
                         ^^^^^^^^^^^^^^^^^^^^^^^^^^^^^^^^^^^^^^^^^^
prototype\jimsai\intent_classifier.py:32: in __init__
    raise ImportError(
E   ImportError: sentence-transformers not installed. Install with: pip install sentence-transformers
________ test_compiler_routes_known_v9_code_generation_without_sandbox ________
tests\test_semantic_compiler.py:65: in test_compiler_routes_known_v9_code_generation_without_sandbox
    compiler = SemanticCompilerRuntime()
               ^^^^^^^^^^^^^^^^^^^^^^^^^
prototype\jimsai\semantic_compiler.py:171: in __init__
    self.classifier = get_classifier()
                      ^^^^^^^^^^^^^^^^
prototype\jimsai\intent_classifier.py:171: in get_classifier
    _global_classifier = EmbeddingClassifier(model_name=model_name)
                         ^^^^^^^^^^^^^^^^^^^^^^^^^^^^^^^^^^^^^^^^^^
prototype\jimsai\intent_classifier.py:32: in __init__
    raise ImportError(
E   ImportError: sentence-transformers not installed. Install with: pip install sentence-transformers
_______ test_compiler_routes_known_v9_media_generation_without_sandbox ________
tests\test_semantic_compiler.py:73: in test_compiler_routes_known_v9_media_generation_without_sandbox
    compiler = SemanticCompilerRuntime()
               ^^^^^^^^^^^^^^^^^^^^^^^^^
prototype\jimsai\semantic_compiler.py:171: in __init__
    self.classifier = get_classifier()
                      ^^^^^^^^^^^^^^^^
prototype\jimsai\intent_classifier.py:171: in get_classifier
    _global_classifier = EmbeddingClassifier(model_name=model_name)
                         ^^^^^^^^^^^^^^^^^^^^^^^^^^^^^^^^^^^^^^^^^^
prototype\jimsai\intent_classifier.py:32: in __init__
    raise ImportError(
E   ImportError: sentence-transformers not installed. Install with: pip install sentence-transformers
__ test_compiler_routes_system_architecture_memory_questions_without_sandbox __
tests\test_semantic_compiler.py:81: in test_compiler_routes_system_architecture_memory_questions_without_sandbox
    compiler = SemanticCompilerRuntime()
               ^^^^^^^^^^^^^^^^^^^^^^^^^
prototype\jimsai\semantic_compiler.py:171: in __init__
    self.classifier = get_classifier()
                      ^^^^^^^^^^^^^^^^
prototype\jimsai\intent_classifier.py:171: in get_classifier
    _global_classifier = EmbeddingClassifier(model_name=model_name)
                         ^^^^^^^^^^^^^^^^^^^^^^^^^^^^^^^^^^^^^^^^^^
prototype\jimsai\intent_classifier.py:32: in __init__
    raise ImportError(
E   ImportError: sentence-transformers not installed. Install with: pip install sentence-transformers
__________ test_compiler_routes_agentic_safety_tasks_without_sandbox __________
tests\test_semantic_compiler.py:89: in test_compiler_routes_agentic_safety_tasks_without_sandbox
    compiler = SemanticCompilerRuntime()
               ^^^^^^^^^^^^^^^^^^^^^^^^^
prototype\jimsai\semantic_compiler.py:171: in __init__
    self.classifier = get_classifier()
                      ^^^^^^^^^^^^^^^^
prototype\jimsai\intent_classifier.py:171: in get_classifier
    _global_classifier = EmbeddingClassifier(model_name=model_name)
                         ^^^^^^^^^^^^^^^^^^^^^^^^^^^^^^^^^^^^^^^^^^
prototype\jimsai\intent_classifier.py:32: in __init__
    raise ImportError(
E   ImportError: sentence-transformers not installed. Install with: pip install sentence-transformers
___________ test_compiler_ignores_polite_prefix_for_question_intent ___________
tests\test_semantic_compiler.py:97: in test_compiler_ignores_polite_prefix_for_question_intent
    compiler = SemanticCompilerRuntime()
               ^^^^^^^^^^^^^^^^^^^^^^^^^
prototype\jimsai\semantic_compiler.py:171: in __init__
    self.classifier = get_classifier()
                      ^^^^^^^^^^^^^^^^
prototype\jimsai\intent_classifier.py:171: in get_classifier
    _global_classifier = EmbeddingClassifier(model_name=model_name)
                         ^^^^^^^^^^^^^^^^^^^^^^^^^^^^^^^^^^^^^^^^^^
prototype\jimsai\intent_classifier.py:32: in __init__
    raise ImportError(
E   ImportError: sentence-transformers not installed. Install with: pip install sentence-transformers
________ test_compiler_routes_public_memory_questions_without_sandbox _________
tests\test_semantic_compiler.py:105: in test_compiler_routes_public_memory_questions_without_sandbox
    compiler = SemanticCompilerRuntime()
               ^^^^^^^^^^^^^^^^^^^^^^^^^
prototype\jimsai\semantic_compiler.py:171: in __init__
    self.classifier = get_classifier()
                      ^^^^^^^^^^^^^^^^
prototype\jimsai\intent_classifier.py:171: in get_classifier
    _global_classifier = EmbeddingClassifier(model_name=model_name)
                         ^^^^^^^^^^^^^^^^^^^^^^^^^^^^^^^^^^^^^^^^^^
prototype\jimsai\intent_classifier.py:32: in __init__
    raise ImportError(
E   ImportError: sentence-transformers not installed. Install with: pip install sentence-transformers
________ test_compiler_routes_public_finance_questions_without_sandbox ________
tests\test_semantic_compiler.py:113: in test_compiler_routes_public_finance_questions_without_sandbox
    compiler = SemanticCompilerRuntime()
               ^^^^^^^^^^^^^^^^^^^^^^^^^
prototype\jimsai\semantic_compiler.py:171: in __init__
    self.classifier = get_classifier()
                      ^^^^^^^^^^^^^^^^
prototype\jimsai\intent_classifier.py:171: in get_classifier
    _global_classifier = EmbeddingClassifier(model_name=model_name)
                         ^^^^^^^^^^^^^^^^^^^^^^^^^^^^^^^^^^^^^^^^^^
prototype\jimsai\intent_classifier.py:32: in __init__
    raise ImportError(
E   ImportError: sentence-transformers not installed. Install with: pip install sentence-transformers
_________ test_compiler_routes_code_design_questions_without_sandbox __________
tests\test_semantic_compiler.py:121: in test_compiler_routes_code_design_questions_without_sandbox
    compiler = SemanticCompilerRuntime()
               ^^^^^^^^^^^^^^^^^^^^^^^^^
prototype\jimsai\semantic_compiler.py:171: in __init__
    self.classifier = get_classifier()
                      ^^^^^^^^^^^^^^^^
prototype\jimsai\intent_classifier.py:171: in get_classifier
    _global_classifier = EmbeddingClassifier(model_name=model_name)
                         ^^^^^^^^^^^^^^^^^^^^^^^^^^^^^^^^^^^^^^^^^^
prototype\jimsai\intent_classifier.py:32: in __init__
    raise ImportError(
E   ImportError: sentence-transformers not installed. Install with: pip install sentence-transformers
=========================== short test summary info ===========================
FAILED tests/test_semantic_compiler.py::test_sanitize_is_stable - AssertionEr...
FAILED tests/test_semantic_compiler.py::test_language_normalization_is_shape_based_not_phrase_replacement
FAILED tests/test_semantic_compiler.py::test_compiler_routes_noisy_inputs_with_fuzzy_intent_matching
FAILED tests/test_semantic_compiler.py::test_compiler_routes_canvas - ImportE...
FAILED tests/test_semantic_compiler.py::test_compiler_uses_sandbox_for_unmatched_input
FAILED tests/test_semantic_compiler.py::test_compiler_extracts_causal_entity_scope
FAILED tests/test_semantic_compiler.py::test_compiler_marks_profile_memory_queries
FAILED tests/test_semantic_compiler.py::test_compiler_routes_known_v9_code_generation_without_sandbox
FAILED tests/test_semantic_compiler.py::test_compiler_routes_known_v9_media_generation_without_sandbox
FAILED tests/test_semantic_compiler.py::test_compiler_routes_system_architecture_memory_questions_without_sandbox
FAILED tests/test_semantic_compiler.py::test_compiler_routes_agentic_safety_tasks_without_sandbox
FAILED tests/test_semantic_compiler.py::test_compiler_ignores_polite_prefix_for_question_intent
FAILED tests/test_semantic_compiler.py::test_compiler_routes_public_memory_questions_without_sandbox
FAILED tests/test_semantic_compiler.py::test_compiler_routes_public_finance_questions_without_sandbox
FAILED tests/test_semantic_compiler.py::test_compiler_routes_code_design_questions_without_sandbox
============================= 15 failed in 16.48s =============================
